npm warn ERESOLVE overriding peer dependency
npm warn While resolving: @plasmicapp/react-ssr-prepass@2.0.9
npm warn Found: react@19.2.3
npm warn node_modules/react
npm warn   peer react@">=16.8.0" from @plasmicapp/data-sources-context@0.1.23
npm warn   node_modules/@plasmicapp/data-sources-context
npm warn     @plasmicapp/data-sources-context@"0.1.23" from @plasmicapp/loader-react@2.0.2
npm warn     node_modules/@plasmicapp/loader-react
npm warn   17 more (@plasmicapp/host, @plasmicapp/loader-nextjs, ...)
npm warn
npm warn Could not resolve dependency:
npm warn peer react@"^16.8.0 || ^17.0.0 || ^18.0.0" from @plasmicapp/react-ssr-prepass@2.0.9
npm warn node_modules/@plasmicapp/prepass/node_modules/@plasmicapp/react-ssr-prepass
npm warn   @plasmicapp/react-ssr-prepass@"^2.0.9" from @plasmicapp/prepass@1.0.24
npm warn   node_modules/@plasmicapp/prepass
npm warn
npm warn Conflicting peer dependency: react@18.3.1
npm warn node_modules/react
npm warn   peer react@"^16.8.0 || ^17.0.0 || ^18.0.0" from @plasmicapp/react-ssr-prepass@2.0.9
npm warn   node_modules/@plasmicapp/prepass/node_modules/@plasmicapp/react-ssr-prepass
npm warn     @plasmicapp/react-ssr-prepass@"^2.0.9" from @plasmicapp/prepass@1.0.24
npm warn     node_modules/@plasmicapp/prepass
npm warn ERESOLVE overriding peer dependency
npm warn While resolving: swr@1.3.0
npm warn Found: react@19.2.3
npm warn node_modules/react
npm warn   peer react@">=16.8.0" from @plasmicapp/data-sources-context@0.1.23
npm warn   node_modules/@plasmicapp/data-sources-context
npm warn     @plasmicapp/data-sources-context@"0.1.23" from @plasmicapp/loader-react@2.0.2
npm warn     node_modules/@plasmicapp/loader-react
npm warn   17 more (@plasmicapp/host, @plasmicapp/loader-nextjs, ...)
npm warn
npm warn Could not resolve dependency:
npm warn peer react@"^16.11.0 || ^17.0.0 || ^18.0.0" from swr@1.3.0
npm warn node_modules/@plasmicapp/query/node_modules/swr
npm warn   swr@"^1.0.0" from @plasmicapp/query@0.1.84
npm warn   node_modules/@plasmicapp/query
npm warn
npm warn Conflicting peer dependency: react@18.3.1
npm warn node_modules/react
npm warn   peer react@"^16.11.0 || ^17.0.0 || ^18.0.0" from swr@1.3.0
npm warn   node_modules/@plasmicapp/query/node_modules/swr
npm warn     swr@"^1.0.0" from @plasmicapp/query@0.1.84
npm warn     node_modules/@plasmicapp/query
